// Jest Snapshot v1, https://goo.gl/fbAQLP

exports[`<PlainLayout/> renders <PlainLayout/> component 1`] = `
<styled.div>
  <Header />
  <Footer />
</styled.div>
`;
