// Jest Snapshot v1, https://goo.gl/fbAQLP

exports[`<Footer/> renders <Footer/> component 1`] = `
<styled.div>
  Copyright 2018
</styled.div>
`;
