// Jest Snapshot v1, https://goo.gl/fbAQLP

exports[`<Carousel/> renders <Carousel/> component 1`] = `
<styled.div>
  <styled.div>
    <Slider />
  </styled.div>
</styled.div>
`;
